\set VERBOSITY terse
-- predictability
SET synchronous_commit = on;
DROP TABLE IF EXISTS select_table_1;
NOTICE:  table "select_table_1" does not exist, skipping
DROP TABLE IF EXISTS select_table_2;
NOTICE:  table "select_table_2" does not exist, skipping
DROP TABLE IF EXISTS select_table_3;
NOTICE:  table "select_table_3" does not exist, skipping
DROP SCHEMA IF EXISTS select_schema_1 CASCADE;
NOTICE:  schema "select_schema_1" does not exist, skipping
DROP SCHEMA IF EXISTS select_schema_2 CASCADE;
NOTICE:  schema "select_schema_2" does not exist, skipping
CREATE SCHEMA select_schema_1;
CREATE SCHEMA select_schema_2;
CREATE TABLE select_table_1 (a integer, b text, primary key(a));
CREATE TABLE select_schema_1.select_table_1 (a integer, b text, primary key(a));
CREATE TABLE select_schema_1.select_table_2 (a integer, b text, primary key(a));
CREATE TABLE select_schema_2.select_table_1 (a integer, b text, primary key(a));
CREATE TABLE select_schema_2.select_table_2 (a integer, b text, primary key(a));
CREATE TABLE select_schema_2.select_table_3 (a integer, b text, primary key(a));
CREATE TABLE select_table_2 (a integer, b text, primary key(a));
CREATE TABLE select_table_3 (a integer, b text, primary key(a));
SELECT 'init' FROM pg_create_logical_replication_slot('regression_slot', 'wal2json');
 ?column? 
----------
 init
(1 row)

INSERT INTO select_table_1 (a, b) VALUES(1, 'public.select_table_1');
INSERT INTO select_schema_1.select_table_1 (a, b) VALUES(1, 'select_schema_1.select_table_1');
INSERT INTO select_schema_1.select_table_2 (a, b) VALUES(1, 'select_schema_1.select_table_2');
INSERT INTO select_schema_2.select_table_1 (a, b) VALUES(1, 'select_schema_2.select_table_1');
INSERT INTO select_schema_2.select_table_2 (a, b) VALUES(1, 'select_schema_2.select_table_2');
INSERT INTO select_schema_2.select_table_3 (a, b) VALUES(1, 'select_schema_2.select_table_3');
INSERT INTO select_table_2 (a, b) VALUES(1, 'public.select_table_2');
INSERT INTO select_table_3 (a, b) VALUES(1, 'public.select_table_3');
SELECT data FROM pg_logical_slot_peek_changes('regression_slot', NULL, NULL, 'pretty-print', '1', 'add-tables', '   foo.bar,*.select_table_1  ,select_schema_2.* , public.select_table_3  ');
                             data                              
---------------------------------------------------------------
 {                                                            +
         "kind": "insert",                                    +
         "schema": "public",                                  +
         "table": "select_table_1",                           +
         "columnnames": ["a", "b"],                           +
         "columntypes": ["integer", "text"],                  +
         "columnvalues": [1, "public.select_table_1"]         +
 }
 {                                                            +
         "kind": "insert",                                    +
         "schema": "select_schema_1",                         +
         "table": "select_table_1",                           +
         "columnnames": ["a", "b"],                           +
         "columntypes": ["integer", "text"],                  +
         "columnvalues": [1, "select_schema_1.select_table_1"]+
 }
 {                                                            +
         "kind": "insert",                                    +
         "schema": "select_schema_2",                         +
         "table": "select_table_1",                           +
         "columnnames": ["a", "b"],                           +
         "columntypes": ["integer", "text"],                  +
         "columnvalues": [1, "select_schema_2.select_table_1"]+
 }
 {                                                            +
         "kind": "insert",                                    +
         "schema": "select_schema_2",                         +
         "table": "select_table_2",                           +
         "columnnames": ["a", "b"],                           +
         "columntypes": ["integer", "text"],                  +
         "columnvalues": [1, "select_schema_2.select_table_2"]+
 }
 {                                                            +
         "kind": "insert",                                    +
         "schema": "select_schema_2",                         +
         "table": "select_table_3",                           +
         "columnnames": ["a", "b"],                           +
         "columntypes": ["integer", "text"],                  +
         "columnvalues": [1, "select_schema_2.select_table_3"]+
 }
 {                                                            +
         "kind": "insert",                                    +
         "schema": "public",                                  +
         "table": "select_table_3",                           +
         "columnnames": ["a", "b"],                           +
         "columntypes": ["integer", "text"],                  +
         "columnvalues": [1, "public.select_table_3"]         +
 }
(6 rows)

SELECT 'stop' FROM pg_drop_replication_slot('regression_slot');
 ?column? 
----------
 stop
(1 row)

   
